[0.003s] Invoking command in '/home/omen/gazebo_maritime_ws/build/gazebo_maritime': DEBUGINFOD_URLS=https://debuginfod.ubuntu.com /usr/bin/cmake /home/omen/gazebo_maritime_ws/src/gazebo_maritime -DCMAKE_INSTALL_PREFIX=/home/omen/gazebo_maritime_ws/install
[0.048s] -- The C compiler identification is GNU 13.3.0
[0.088s] -- The CXX compiler identification is GNU 13.3.0
[0.105s] -- Detecting C compiler ABI info
[0.162s] -- Detecting C compiler ABI info - done
[0.168s] -- Check for working C compiler: /usr/bin/cc - skipped
[0.168s] -- Detecting C compile features
[0.169s] -- Detecting C compile features - done
[0.174s] -- Detecting CXX compiler ABI info
[0.230s] -- Detecting CXX compiler ABI info - done
[0.236s] -- Check for working CXX compiler: /usr/bin/c++ - skipped
[0.236s] -- Detecting CXX compile features
[0.237s] -- Detecting CXX compile features - done
[0.244s] -- Looking for gz-sim8 -- found version 8.11.0
[0.251s] -- Searching for dependencies of gz-sim8
[0.252s] -- Looking for sdformat14 -- found version 14.9.0
[0.252s] -- Searching for dependencies of sdformat14
[0.255s] -- Checking for module 'tinyxml2'
[0.262s] --   Found tinyxml2, version 10.0.0
[0.282s] -- Looking for gz-math7 -- found version 7.5.1
[0.283s] -- Searching for dependencies of gz-math7
[0.283s] -- Looking for gz-utils2 -- found version 2.2.1
[0.283s] -- Searching for dependencies of gz-utils2
[0.285s] -- Looking for gz-utils2 -- found version 2.2.1
[0.285s] -- Searching for dependencies of gz-utils2
[0.285s] -- Searching for <gz-utils2> component [cli]
[0.286s] -- Looking for gz-utils2-cli -- found version 2.2.1
[0.286s] -- Searching for dependencies of gz-utils2-cli
[0.288s] -- Looking for gz-plugin2 -- found version 2.0.4
[0.288s] -- Searching for dependencies of gz-plugin2
[0.288s] -- Looking for gz-utils2 -- found version 2.2.1
[0.289s] -- Searching for <gz-plugin2> component [loader]
[0.290s] -- Looking for gz-plugin2-loader -- found version 2.0.4
[0.290s] -- Searching for dependencies of gz-plugin2-loader
[0.290s] -- Searching for <gz-plugin2> component [register]
[0.291s] -- Looking for gz-plugin2-register -- found version 2.0.4
[0.291s] -- Searching for dependencies of gz-plugin2-register
[0.292s] -- Looking for gz-transport13 -- found version 13.5.0
[0.292s] -- Searching for dependencies of gz-transport13
[0.359s] -- Found Protobuf: /usr/lib/x86_64-linux-gnu/libprotobuf.so (found version "3.21.12") 
[0.364s] -- Config-file not installed for ZeroMQ -- checking for pkg-config
[0.367s] -- Checking for module 'libzmq >= 4'
[0.374s] --   Found libzmq, version 4.3.5
[0.395s] -- Found ZeroMQ: TRUE (Required is at least version "4") 
[0.399s] -- Checking for module 'uuid'
[0.407s] --   Found uuid, version 2.39.3
[0.428s] -- Found UUID: TRUE  
[0.428s] -- Looking for gz-utils2 -- found version 2.2.1
[0.429s] -- Looking for gz-msgs10 -- found version 10.3.2
[0.429s] -- Searching for dependencies of gz-msgs10
[0.439s] -- Looking for gz-utils2 -- found version 2.2.1
[0.439s] -- Looking for gz-math7 -- found version 7.5.1
[0.509s] -- Found Python3: /usr/bin/python3 (found version "3.12.3") found components: Interpreter 
[0.512s] -- Searching for <gz-transport13> component [log]
[0.513s] -- Looking for gz-transport13-log -- found version 13.5.0
[0.513s] -- Searching for dependencies of gz-transport13-log
[0.513s] -- Searching for <gz-transport13> component [parameters]
[0.514s] -- Looking for gz-transport13-parameters -- found version 13.5.0
[0.514s] -- Searching for dependencies of gz-transport13-parameters
[0.515s] -- Looking for gz-msgs10 -- found version 10.3.2
[0.516s] -- Looking for gz-common5 -- found version 5.8.0
[0.516s] -- Searching for dependencies of gz-common5
[0.516s] -- Looking for gz-utils2 -- found version 2.2.1
[0.516s] -- Looking for dlfcn.h - found
[0.517s] -- Looking for libdl - found
[0.518s] -- Found DL: TRUE  
[0.523s] -- Searching for <gz-common5> component [av]
[0.523s] -- Looking for gz-common5-av -- found version 5.8.0
[0.523s] -- Searching for dependencies of gz-common5-av
[0.527s] -- Checking for module 'libswscale'
[0.535s] --   Found libswscale, version 7.5.100
[0.555s] -- Found SWSCALE: TRUE  
[0.558s] -- Checking for module 'libavdevice >= 56.4.100'
[0.566s] --   Found libavdevice, version 60.3.100
[0.592s] -- Found AVDEVICE: TRUE (Required is at least version "56.4.100") 
[0.596s] -- Checking for module 'libavformat'
[0.604s] --   Found libavformat, version 60.16.100
[0.628s] -- Found AVFORMAT: TRUE  
[0.631s] -- Checking for module 'libavcodec'
[0.637s] --   Found libavcodec, version 60.31.102
[0.654s] -- Found AVCODEC: TRUE  
[0.658s] -- Checking for module 'libavutil'
[0.663s] --   Found libavutil, version 58.29.100
[0.680s] -- Found AVUTIL: TRUE  
[0.681s] -- Searching for <gz-common5> component [events]
[0.682s] -- Looking for gz-common5-events -- found version 5.8.0
[0.682s] -- Searching for dependencies of gz-common5-events
[0.682s] -- Looking for gz-math7 -- found version 7.5.1
[0.683s] -- Searching for <gz-common5> component [graphics]
[0.684s] -- Looking for gz-common5-graphics -- found version 5.8.0
[0.684s] -- Searching for dependencies of gz-common5-graphics
[0.684s] -- Looking for gz-math7 -- found version 7.5.1
[0.687s] -- Found GzAssimp: TRUE (found version "5.3.0") 
[0.687s] -- Searching for <gz-common5> component [io]
[0.688s] -- Looking for gz-common5-io -- found version 5.8.0
[0.688s] -- Searching for dependencies of gz-common5-io
[0.689s] -- Searching for <gz-common5> component [profiler]
[0.690s] -- Looking for gz-common5-profiler -- found version 5.8.0
[0.690s] -- Searching for dependencies of gz-common5-profiler
[0.691s] -- Looking for gz-fuel_tools9 -- found version 9.1.1
[0.692s] -- Searching for dependencies of gz-fuel_tools9
[0.745s] -- Found CURL: /usr/lib/x86_64-linux-gnu/libcurl.so (found version "8.5.0")  
[0.751s] -- Checking for module 'jsoncpp'
[0.760s] --   Found jsoncpp, version 1.9.5
[0.782s] -- Found JSONCPP: TRUE  
[0.790s] -- Checking for module 'yaml-0.1'
[0.797s] --   Found yaml-0.1, version 0.2.5
[0.820s] -- Found YAML: TRUE  
[0.823s] -- Checking for module 'libzip'
[0.831s] --   Found libzip, version 1.7.3
[0.852s] -- Found ZIP: TRUE  
[0.852s] -- Looking for gz-utils2 -- found version 2.2.1
[0.852s] -- Looking for gz-common5 -- found version 5.8.0
[0.853s] -- Searching for dependencies of gz-common5
[0.853s] -- Looking for gz-utils2 -- found version 2.2.1
[0.853s] -- Looking for dlfcn.h - found
[0.853s] -- Looking for libdl - found
[0.857s] -- Searching for <gz-common5> component [testing]
[0.858s] -- Looking for gz-common5-testing -- found version 5.8.0
[0.859s] -- Searching for dependencies of gz-common5-testing
[0.859s] -- Looking for gz-math7 -- found version 7.5.1
[0.859s] -- Looking for gz-msgs10 -- found version 10.3.2
[0.861s] -- Looking for gz-gui8 -- found version 8.4.0
[0.862s] -- Searching for dependencies of gz-gui8
[0.874s] -- Looking for gz-utils2 -- found version 2.2.1
[0.874s] -- Looking for gz-math7 -- found version 7.5.1
[0.875s] -- Looking for gz-common5 -- found version 5.8.0
[0.875s] -- Looking for gz-plugin2 -- found version 2.0.4
[0.875s] -- Looking for gz-transport13 -- found version 13.5.0
[0.876s] -- Looking for gz-rendering8 -- found version 8.2.3
[0.876s] -- Searching for dependencies of gz-rendering8
[0.876s] -- Looking for gz-math7 -- found version 7.5.1
[0.876s] -- Searching for dependencies of gz-math7
[0.876s] -- Looking for gz-utils2 -- found version 2.2.1
[0.877s] -- Searching for <gz-math7> component [eigen3]
[0.877s] -- Looking for gz-math7-eigen3 -- found version 7.5.1
[0.877s] -- Searching for dependencies of gz-math7-eigen3
[0.881s] -- Looking for gz-common5 -- found version 5.8.0
[0.881s] -- Searching for dependencies of gz-common5
[0.882s] -- Looking for gz-utils2 -- found version 2.2.1
[0.882s] -- Looking for dlfcn.h - found
[0.882s] -- Looking for libdl - found
[0.886s] -- Searching for <gz-common5> component [graphics]
[0.886s] -- Searching for <gz-common5> component [events]
[0.886s] -- Searching for <gz-common5> component [geospatial]
[0.887s] -- Looking for gz-common5-geospatial -- found version 5.8.0
[0.887s] -- Searching for dependencies of gz-common5-geospatial
[0.887s] -- Looking for gz-math7 -- found version 7.5.1
[0.888s] -- Looking for gz-common5 -- found version 5.8.0
[0.888s] -- Looking for gz-plugin2 -- found version 2.0.4
[0.888s] -- Searching for dependencies of gz-plugin2
[0.889s] -- Looking for gz-utils2 -- found version 2.2.1
[0.889s] -- Searching for <gz-plugin2> component [all]
[0.889s] -- Looking for all libraries of gz-plugin2 -- found version 2.0.4
[0.890s] -- Looking for gz-plugin2 -- found version 2.0.4
[0.890s] -- Looking for gz-utils2 -- found version 2.2.1
[0.896s] -- Found OpenGL: /usr/lib/x86_64-linux-gnu/libOpenGL.so  found components: OpenGL 
[0.897s] -- Looking for gz-msgs10 -- found version 10.3.2
[0.917s] -- Looking for gz-physics7 -- found version 7.6.0
[0.917s] -- Searching for dependencies of gz-physics7
[0.917s] -- Looking for gz-common5 -- found version 5.8.0
[0.917s] -- Looking for gz-math7 -- found version 7.5.1
[0.917s] -- Looking for gz-plugin2 -- found version 2.0.4
[0.918s] -- Looking for gz-utils2 -- found version 2.2.1
[0.919s] -- Searching for <gz-physics7> component [heightmap]
[0.920s] -- Looking for gz-physics7-heightmap -- found version 7.6.0
[0.920s] -- Searching for dependencies of gz-physics7-heightmap
[0.920s] -- Looking for gz-common5 -- found version 5.8.0
[0.920s] -- Searching for <gz-physics7> component [mesh]
[0.921s] -- Looking for gz-physics7-mesh -- found version 7.6.0
[0.921s] -- Searching for dependencies of gz-physics7-mesh
[0.922s] -- Looking for gz-common5 -- found version 5.8.0
[0.922s] -- Searching for <gz-physics7> component [sdf]
[0.923s] -- Looking for gz-physics7-sdf -- found version 7.6.0
[0.923s] -- Searching for dependencies of gz-physics7-sdf
[0.923s] -- Looking for sdformat14 -- found version 14.9.0
[0.925s] -- Looking for gz-sensors8 -- found version 8.2.2
[0.926s] -- Searching for dependencies of gz-sensors8
[0.935s] -- Looking for gz-math7 -- found version 7.5.1
[0.935s] -- Looking for gz-common5 -- found version 5.8.0
[0.936s] -- Looking for gz-transport13 -- found version 13.5.0
[0.936s] -- Looking for gz-rendering8 -- found version 8.2.3
[0.936s] -- Looking for gz-msgs10 -- found version 10.3.2
[0.936s] -- Looking for sdformat14 -- found version 14.9.0
[0.936s] -- Searching for <gz-sensors8> component [air_pressure]
[0.938s] -- Looking for gz-sensors8-air_pressure -- found version 8.2.2
[0.938s] -- Searching for dependencies of gz-sensors8-air_pressure
[0.939s] -- Searching for <gz-sensors8> component [air_speed]
[0.939s] -- Looking for gz-sensors8-air_speed -- found version 8.2.2
[0.939s] -- Searching for dependencies of gz-sensors8-air_speed
[0.939s] -- Searching for <gz-sensors8> component [altimeter]
[0.940s] -- Looking for gz-sensors8-altimeter -- found version 8.2.2
[0.940s] -- Searching for dependencies of gz-sensors8-altimeter
[0.941s] -- Searching for <gz-sensors8> component [imu]
[0.942s] -- Looking for gz-sensors8-imu -- found version 8.2.2
[0.942s] -- Searching for dependencies of gz-sensors8-imu
[0.943s] -- Searching for <gz-sensors8> component [force_torque]
[0.943s] -- Looking for gz-sensors8-force_torque -- found version 8.2.2
[0.944s] -- Searching for dependencies of gz-sensors8-force_torque
[0.944s] -- Searching for <gz-sensors8> component [logical_camera]
[0.945s] -- Looking for gz-sensors8-logical_camera -- found version 8.2.2
[0.945s] -- Searching for dependencies of gz-sensors8-logical_camera
[0.945s] -- Searching for <gz-sensors8> component [magnetometer]
[0.946s] -- Looking for gz-sensors8-magnetometer -- found version 8.2.2
[0.947s] -- Searching for dependencies of gz-sensors8-magnetometer
[0.947s] -- Searching for <gz-sensors8> component [navsat]
[0.948s] -- Looking for gz-sensors8-navsat -- found version 8.2.2
[0.948s] -- Searching for dependencies of gz-sensors8-navsat
[0.948s] -- Searching for <gz-sensors8> component [dvl]
[0.949s] -- Looking for gz-sensors8-dvl -- found version 8.2.2
[0.950s] -- Searching for dependencies of gz-sensors8-dvl
[0.950s] -- Looking for gz-sensors8 -- found version 8.2.2
[0.950s] -- Searching for dependencies of gz-sensors8
[0.959s] -- Looking for gz-math7 -- found version 7.5.1
[0.960s] -- Looking for gz-common5 -- found version 5.8.0
[0.960s] -- Looking for gz-transport13 -- found version 13.5.0
[0.960s] -- Looking for gz-rendering8 -- found version 8.2.3
[0.960s] -- Looking for gz-msgs10 -- found version 10.3.2
[0.961s] -- Looking for sdformat14 -- found version 14.9.0
[0.961s] -- Searching for <gz-sensors8> component [rendering]
[0.961s] -- Looking for gz-sensors8-rendering -- found version 8.2.2
[0.961s] -- Searching for dependencies of gz-sensors8-rendering
[0.963s] -- Searching for <gz-sensors8> component [rendering]
[0.963s] -- Searching for <gz-sensors8> component [lidar]
[0.963s] -- Looking for gz-sensors8-lidar -- found version 8.2.2
[0.963s] -- Searching for dependencies of gz-sensors8-lidar
[0.964s] -- Looking for gz-sensors8 -- found version 8.2.2
[0.964s] -- Searching for <gz-sensors8> component [gpu_lidar]
[0.965s] -- Looking for gz-sensors8-gpu_lidar -- found version 8.2.2
[0.965s] -- Searching for dependencies of gz-sensors8-gpu_lidar
[0.965s] -- Looking for gz-sensors8 -- found version 8.2.2
[0.965s] -- Searching for <gz-sensors8> component [camera]
[0.966s] -- Looking for gz-sensors8-camera -- found version 8.2.2
[0.967s] -- Searching for dependencies of gz-sensors8-camera
[0.967s] -- Looking for gz-sensors8 -- found version 8.2.2
[0.967s] -- Searching for <gz-sensors8> component [boundingbox_camera]
[0.969s] -- Looking for gz-sensors8-boundingbox_camera -- found version 8.2.2
[0.969s] -- Searching for dependencies of gz-sensors8-boundingbox_camera
[0.969s] -- Searching for <gz-sensors8> component [segmentation_camera]
[0.970s] -- Looking for gz-sensors8-segmentation_camera -- found version 8.2.2
[0.970s] -- Searching for dependencies of gz-sensors8-segmentation_camera
[0.970s] -- Searching for <gz-sensors8> component [depth_camera]
[0.971s] -- Looking for gz-sensors8-depth_camera -- found version 8.2.2
[0.972s] -- Searching for dependencies of gz-sensors8-depth_camera
[0.972s] -- Looking for gz-sensors8 -- found version 8.2.2
[0.972s] -- Searching for <gz-sensors8> component [rgbd_camera]
[0.973s] -- Looking for gz-sensors8-rgbd_camera -- found version 8.2.2
[0.974s] -- Searching for dependencies of gz-sensors8-rgbd_camera
[0.974s] -- Looking for gz-sensors8 -- found version 8.2.2
[0.974s] -- Searching for <gz-sensors8> component [thermal_camera]
[0.975s] -- Looking for gz-sensors8-thermal_camera -- found version 8.2.2
[0.975s] -- Searching for dependencies of gz-sensors8-thermal_camera
[0.975s] -- Looking for gz-sensors8 -- found version 8.2.2
[0.976s] -- Searching for <gz-sensors8> component [wide_angle_camera]
[0.977s] -- Looking for gz-sensors8-wide_angle_camera -- found version 8.2.2
[0.977s] -- Searching for dependencies of gz-sensors8-wide_angle_camera
[0.978s] -- Looking for gz-rendering8 -- found version 8.2.3
[0.978s] -- Looking for gz-math7 -- found version 7.5.1
[0.978s] -- Looking for gz-utils2 -- found version 2.2.1
[0.989s] -- Looking for gz-common5 -- found version 5.8.0
[0.990s] -- Looking for gz-math7 -- found version 7.5.1
[0.990s] -- Looking for gz-msgs10 -- found version 10.3.2
[0.990s] -- Looking for gz-transport13 -- found version 13.5.0
[0.991s] -- Looking for gz-plugin2 -- found version 2.0.4
[0.991s] -- Looking for gz-rendering8 -- found version 8.2.3
[0.991s] -- Looking for gz-sensors8 -- found version 8.2.2
[0.991s] -- Looking for gz-utils2 -- found version 2.2.1
[0.992s] -- Looking for sdformat14 -- found version 14.9.0
[0.992s] -- Configuring done (1.0s)
[1.003s] -- Generating done (0.0s)
[1.008s] -- Build files have been written to: /home/omen/gazebo_maritime_ws/build/gazebo_maritime
[1.021s] Invoked command in '/home/omen/gazebo_maritime_ws/build/gazebo_maritime' returned '0': DEBUGINFOD_URLS=https://debuginfod.ubuntu.com /usr/bin/cmake /home/omen/gazebo_maritime_ws/src/gazebo_maritime -DCMAKE_INSTALL_PREFIX=/home/omen/gazebo_maritime_ws/install
[1.023s] Invoking command in '/home/omen/gazebo_maritime_ws/build/gazebo_maritime': DEBUGINFOD_URLS=https://debuginfod.ubuntu.com /usr/bin/cmake --build /home/omen/gazebo_maritime_ws/build/gazebo_maritime -- -j16 -l16
[1.053s] [ 12%] [32mBuilding CXX object CMakeFiles/Waves.dir/src/Wavefield.cc.o[0m
[3.353s] [ 25%] [32m[1mLinking CXX shared library libWaves.so[0m
[3.481s] [ 25%] Built target Waves
[3.493s] [ 50%] [32mBuilding CXX object CMakeFiles/PublisherPlugin.dir/src/PublisherPlugin.cc.o[0m
[3.494s] [ 50%] [32mBuilding CXX object CMakeFiles/WaveVisual.dir/src/WaveVisual.cc.o[0m
[3.494s] [ 62%] [32mBuilding CXX object CMakeFiles/Surface.dir/src/Surface.cc.o[0m
[5.693s] [ 75%] [32m[1mLinking CXX shared library libPublisherPlugin.so[0m
[5.852s] [ 75%] Built target PublisherPlugin
[6.508s] [ 87%] [32m[1mLinking CXX shared library libSurface.so[0m
[6.713s] [ 87%] Built target Surface
[8.226s] [100%] [32m[1mLinking CXX shared library libWaveVisual.so[0m
[8.370s] [100%] Built target WaveVisual
[8.377s] Invoked command in '/home/omen/gazebo_maritime_ws/build/gazebo_maritime' returned '0': DEBUGINFOD_URLS=https://debuginfod.ubuntu.com /usr/bin/cmake --build /home/omen/gazebo_maritime_ws/build/gazebo_maritime -- -j16 -l16
[8.387s] Invoking command in '/home/omen/gazebo_maritime_ws/build/gazebo_maritime': DEBUGINFOD_URLS=https://debuginfod.ubuntu.com /usr/bin/cmake --install /home/omen/gazebo_maritime_ws/build/gazebo_maritime
[8.393s] -- Install configuration: ""
[8.393s] -- Installing: /home/omen/gazebo_maritime_ws/install/lib/libWaves.so
[8.393s] -- Installing: /home/omen/gazebo_maritime_ws/install/lib/libPublisherPlugin.so
[8.394s] -- Set non-toolchain portion of runtime path of "/home/omen/gazebo_maritime_ws/install/lib/libPublisherPlugin.so" to ""
[8.394s] -- Installing: /home/omen/gazebo_maritime_ws/install/lib/libSurface.so
[8.394s] -- Set non-toolchain portion of runtime path of "/home/omen/gazebo_maritime_ws/install/lib/libSurface.so" to ""
[8.394s] -- Installing: /home/omen/gazebo_maritime_ws/install/lib/libWaveVisual.so
[8.395s] -- Set non-toolchain portion of runtime path of "/home/omen/gazebo_maritime_ws/install/lib/libWaveVisual.so" to ""
[8.395s] -- Installing: /home/omen/gazebo_maritime_ws/install/share/gazebo_maritime/models
[8.396s] -- Installing: /home/omen/gazebo_maritime_ws/install/share/gazebo_maritime/models/coast_waves
[8.396s] -- Installing: /home/omen/gazebo_maritime_ws/install/share/gazebo_maritime/models/coast_waves/model.config
[8.396s] -- Installing: /home/omen/gazebo_maritime_ws/install/share/gazebo_maritime/models/coast_waves/materials
[8.396s] -- Installing: /home/omen/gazebo_maritime_ws/install/share/gazebo_maritime/models/coast_waves/materials/textures
[8.397s] -- Installing: /home/omen/gazebo_maritime_ws/install/share/gazebo_maritime/models/coast_waves/materials/textures/wave_normals.dds
[8.397s] -- Installing: /home/omen/gazebo_maritime_ws/install/share/gazebo_maritime/models/coast_waves/materials/textures/skybox_lowres.dds
[8.398s] -- Installing: /home/omen/gazebo_maritime_ws/install/share/gazebo_maritime/models/coast_waves/materials/programs
[8.398s] -- Installing: /home/omen/gazebo_maritime_ws/install/share/gazebo_maritime/models/coast_waves/materials/programs/GerstnerWaves_vs_330.glsl
[8.398s] -- Installing: /home/omen/gazebo_maritime_ws/install/share/gazebo_maritime/models/coast_waves/materials/programs/GerstnerWaves_fs_330.glsl
[8.398s] -- Installing: /home/omen/gazebo_maritime_ws/install/share/gazebo_maritime/models/coast_waves/meshes
[8.398s] -- Installing: /home/omen/gazebo_maritime_ws/install/share/gazebo_maritime/models/coast_waves/meshes/waterlow.dae
[8.403s] -- Installing: /home/omen/gazebo_maritime_ws/install/share/gazebo_maritime/models/coast_waves/model.sdf
[8.403s] -- Installing: /home/omen/gazebo_maritime_ws/install/share/gazebo_maritime/models/wam-v
[8.403s] -- Installing: /home/omen/gazebo_maritime_ws/install/share/gazebo_maritime/models/wam-v/model.config
[8.403s] -- Installing: /home/omen/gazebo_maritime_ws/install/share/gazebo_maritime/models/wam-v/meshes
[8.403s] -- Installing: /home/omen/gazebo_maritime_ws/install/share/gazebo_maritime/models/wam-v/meshes/WamV.png
[8.404s] -- Installing: /home/omen/gazebo_maritime_ws/install/share/gazebo_maritime/models/wam-v/meshes/WAM-V-Base.dae
[8.404s] -- Installing: /home/omen/gazebo_maritime_ws/install/share/gazebo_maritime/models/wam-v/meshes/engine.dae
[8.404s] -- Installing: /home/omen/gazebo_maritime_ws/install/share/gazebo_maritime/models/wam-v/meshes/propeller.dae
[8.405s] -- Installing: /home/omen/gazebo_maritime_ws/install/share/gazebo_maritime/models/wam-v/model.sdf
[8.405s] -- Installing: /home/omen/gazebo_maritime_ws/install/share/gazebo_maritime/worlds
[8.405s] -- Installing: /home/omen/gazebo_maritime_ws/install/share/gazebo_maritime/worlds/sydney_regatta.sdf
[8.407s] Invoked command in '/home/omen/gazebo_maritime_ws/build/gazebo_maritime' returned '0': DEBUGINFOD_URLS=https://debuginfod.ubuntu.com /usr/bin/cmake --install /home/omen/gazebo_maritime_ws/build/gazebo_maritime
