[ 25%] Built target Waves
[ 50%] Built target Surface
[ 75%] Built target PublisherPlugin
[100%] Built target WaveVisual
-- Install configuration: ""
-- Up-to-date: /home/omen/gazebo_maritime_ws/install/lib/libWaves.so
-- Up-to-date: /home/omen/gazebo_maritime_ws/install/lib/libPublisherPlugin.so
-- Up-to-date: /home/omen/gazebo_maritime_ws/install/lib/libSurface.so
-- Up-to-date: /home/omen/gazebo_maritime_ws/install/lib/libWaveVisual.so
-- Up-to-date: /home/omen/gazebo_maritime_ws/install/share/gazebo_maritime/models
-- Up-to-date: /home/omen/gazebo_maritime_ws/install/share/gazebo_maritime/models/coast_waves
-- Up-to-date: /home/omen/gazebo_maritime_ws/install/share/gazebo_maritime/models/coast_waves/model.config
-- Up-to-date: /home/omen/gazebo_maritime_ws/install/share/gazebo_maritime/models/coast_waves/materials
-- Up-to-date: /home/omen/gazebo_maritime_ws/install/share/gazebo_maritime/models/coast_waves/materials/textures
-- Up-to-date: /home/omen/gazebo_maritime_ws/install/share/gazebo_maritime/models/coast_waves/materials/textures/wave_normals.dds
-- Up-to-date: /home/omen/gazebo_maritime_ws/install/share/gazebo_maritime/models/coast_waves/materials/textures/skybox_lowres.dds
-- Up-to-date: /home/omen/gazebo_maritime_ws/install/share/gazebo_maritime/models/coast_waves/materials/programs
-- Up-to-date: /home/omen/gazebo_maritime_ws/install/share/gazebo_maritime/models/coast_waves/materials/programs/GerstnerWaves_vs_330.glsl
-- Up-to-date: /home/omen/gazebo_maritime_ws/install/share/gazebo_maritime/models/coast_waves/materials/programs/GerstnerWaves_fs_330.glsl
-- Up-to-date: /home/omen/gazebo_maritime_ws/install/share/gazebo_maritime/models/coast_waves/meshes
-- Up-to-date: /home/omen/gazebo_maritime_ws/install/share/gazebo_maritime/models/coast_waves/meshes/waterlow.dae
-- Up-to-date: /home/omen/gazebo_maritime_ws/install/share/gazebo_maritime/models/coast_waves/model.sdf
-- Up-to-date: /home/omen/gazebo_maritime_ws/install/share/gazebo_maritime/models/wam-v
-- Up-to-date: /home/omen/gazebo_maritime_ws/install/share/gazebo_maritime/models/wam-v/model.config
-- Up-to-date: /home/omen/gazebo_maritime_ws/install/share/gazebo_maritime/models/wam-v/meshes
-- Up-to-date: /home/omen/gazebo_maritime_ws/install/share/gazebo_maritime/models/wam-v/meshes/WamV.png
-- Up-to-date: /home/omen/gazebo_maritime_ws/install/share/gazebo_maritime/models/wam-v/meshes/WAM-V-Base.dae
-- Up-to-date: /home/omen/gazebo_maritime_ws/install/share/gazebo_maritime/models/wam-v/meshes/engine.dae
-- Up-to-date: /home/omen/gazebo_maritime_ws/install/share/gazebo_maritime/models/wam-v/meshes/propeller.dae
-- Installing: /home/omen/gazebo_maritime_ws/install/share/gazebo_maritime/models/wam-v/model.sdf
-- Up-to-date: /home/omen/gazebo_maritime_ws/install/share/gazebo_maritime/worlds
-- Up-to-date: /home/omen/gazebo_maritime_ws/install/share/gazebo_maritime/worlds/sydney_regatta.sdf
