[0.007s] Invoking command in '/home/omen/gazebo_maritime_ws/build/gazebo_maritime': DEBUGINFOD_URLS=https://debuginfod.ubuntu.com /usr/bin/cmake --build /home/omen/gazebo_maritime_ws/build/gazebo_maritime -- -j16 -l16
[0.039s] [ 25%] Built target Waves
[0.051s] [ 50%] Built target Surface
[0.052s] [ 75%] Built target PublisherPlugin
[0.052s] [100%] Built target WaveVisual
[0.060s] Invoked command in '/home/omen/gazebo_maritime_ws/build/gazebo_maritime' returned '0': DEBUGINFOD_URLS=https://debuginfod.ubuntu.com /usr/bin/cmake --build /home/omen/gazebo_maritime_ws/build/gazebo_maritime -- -j16 -l16
[0.066s] Invoking command in '/home/omen/gazebo_maritime_ws/build/gazebo_maritime': DEBUGINFOD_URLS=https://debuginfod.ubuntu.com /usr/bin/cmake --install /home/omen/gazebo_maritime_ws/build/gazebo_maritime
[0.070s] -- Install configuration: ""
[0.070s] -- Up-to-date: /home/omen/gazebo_maritime_ws/install/lib/libWaves.so
[0.070s] -- Up-to-date: /home/omen/gazebo_maritime_ws/install/lib/libPublisherPlugin.so
[0.070s] -- Up-to-date: /home/omen/gazebo_maritime_ws/install/lib/libSurface.so
[0.070s] -- Up-to-date: /home/omen/gazebo_maritime_ws/install/lib/libWaveVisual.so
[0.070s] -- Up-to-date: /home/omen/gazebo_maritime_ws/install/share/gazebo_maritime/models
[0.070s] -- Up-to-date: /home/omen/gazebo_maritime_ws/install/share/gazebo_maritime/models/coast_waves
[0.070s] -- Up-to-date: /home/omen/gazebo_maritime_ws/install/share/gazebo_maritime/models/coast_waves/model.config
[0.070s] -- Up-to-date: /home/omen/gazebo_maritime_ws/install/share/gazebo_maritime/models/coast_waves/materials
[0.070s] -- Up-to-date: /home/omen/gazebo_maritime_ws/install/share/gazebo_maritime/models/coast_waves/materials/textures
[0.071s] -- Up-to-date: /home/omen/gazebo_maritime_ws/install/share/gazebo_maritime/models/coast_waves/materials/textures/wave_normals.dds
[0.071s] -- Up-to-date: /home/omen/gazebo_maritime_ws/install/share/gazebo_maritime/models/coast_waves/materials/textures/skybox_lowres.dds
[0.071s] -- Up-to-date: /home/omen/gazebo_maritime_ws/install/share/gazebo_maritime/models/coast_waves/materials/programs
[0.071s] -- Up-to-date: /home/omen/gazebo_maritime_ws/install/share/gazebo_maritime/models/coast_waves/materials/programs/GerstnerWaves_vs_330.glsl
[0.071s] -- Up-to-date: /home/omen/gazebo_maritime_ws/install/share/gazebo_maritime/models/coast_waves/materials/programs/GerstnerWaves_fs_330.glsl
[0.071s] -- Up-to-date: /home/omen/gazebo_maritime_ws/install/share/gazebo_maritime/models/coast_waves/meshes
[0.071s] -- Up-to-date: /home/omen/gazebo_maritime_ws/install/share/gazebo_maritime/models/coast_waves/meshes/waterlow.dae
[0.071s] -- Up-to-date: /home/omen/gazebo_maritime_ws/install/share/gazebo_maritime/models/coast_waves/model.sdf
[0.071s] -- Up-to-date: /home/omen/gazebo_maritime_ws/install/share/gazebo_maritime/models/wam-v
[0.071s] -- Up-to-date: /home/omen/gazebo_maritime_ws/install/share/gazebo_maritime/models/wam-v/model.config
[0.071s] -- Up-to-date: /home/omen/gazebo_maritime_ws/install/share/gazebo_maritime/models/wam-v/meshes
[0.071s] -- Up-to-date: /home/omen/gazebo_maritime_ws/install/share/gazebo_maritime/models/wam-v/meshes/WamV.png
[0.071s] -- Up-to-date: /home/omen/gazebo_maritime_ws/install/share/gazebo_maritime/models/wam-v/meshes/WAM-V-Base.dae
[0.071s] -- Up-to-date: /home/omen/gazebo_maritime_ws/install/share/gazebo_maritime/models/wam-v/meshes/engine.dae
[0.071s] -- Up-to-date: /home/omen/gazebo_maritime_ws/install/share/gazebo_maritime/models/wam-v/meshes/propeller.dae
[0.072s] -- Installing: /home/omen/gazebo_maritime_ws/install/share/gazebo_maritime/models/wam-v/model.sdf
[0.072s] -- Up-to-date: /home/omen/gazebo_maritime_ws/install/share/gazebo_maritime/worlds
[0.072s] -- Up-to-date: /home/omen/gazebo_maritime_ws/install/share/gazebo_maritime/worlds/sydney_regatta.sdf
[0.072s] Invoked command in '/home/omen/gazebo_maritime_ws/build/gazebo_maritime' returned '0': DEBUGINFOD_URLS=https://debuginfod.ubuntu.com /usr/bin/cmake --install /home/omen/gazebo_maritime_ws/build/gazebo_maritime
