[0.057s] DEBUG:colcon:Command line arguments: ['/usr/bin/colcon', 'build', '--merge-install']
[0.057s] DEBUG:colcon:Parsed command line arguments: Namespace(log_base=None, log_level=None, verb_name='build', build_base='build', install_base='install', merge_install=True, symlink_install=False, test_result_base=None, continue_on_error=False, executor='parallel', parallel_workers=16, event_handlers=None, ignore_user_meta=False, metas=['./colcon.meta'], base_paths=['.'], packages_ignore=None, packages_ignore_regex=None, paths=None, packages_up_to=None, packages_up_to_regex=None, packages_above=None, packages_above_and_dependencies=None, packages_above_depth=None, packages_select_by_dep=None, packages_skip_by_dep=None, packages_skip_up_to=None, packages_select_build_failed=False, packages_skip_build_finished=False, packages_select_test_failures=False, packages_skip_test_passed=False, packages_select=None, packages_skip=None, packages_select_regex=None, packages_skip_regex=None, packages_start=None, packages_end=None, allow_overriding=[], cmake_args=None, cmake_target=None, cmake_target_skip_unavailable=False, cmake_clean_cache=False, cmake_clean_first=False, cmake_force_configure=False, ament_cmake_args=None, catkin_cmake_args=None, catkin_skip_building_tests=False, verb_parser=<colcon_defaults.argument_parser.defaults.DefaultArgumentsDecorator object at 0x746ad6c1fc50>, verb_extension=<colcon_core.verb.build.BuildVerb object at 0x746ad6c1f1d0>, main=<bound method BuildVerb.main of <colcon_core.verb.build.BuildVerb object at 0x746ad6c1f1d0>>)
[0.078s] Level 1:colcon.colcon_core.package_discovery:discover_packages(colcon_meta) check parameters
[0.078s] Level 1:colcon.colcon_core.package_discovery:discover_packages(recursive) check parameters
[0.078s] Level 1:colcon.colcon_core.package_discovery:discover_packages(ignore) check parameters
[0.078s] Level 1:colcon.colcon_core.package_discovery:discover_packages(path) check parameters
[0.078s] Level 1:colcon.colcon_core.package_discovery:discover_packages(colcon_meta) discover
[0.078s] Level 1:colcon.colcon_core.package_discovery:discover_packages(recursive) discover
[0.078s] INFO:colcon.colcon_core.package_discovery:Crawling recursively for packages in '/home/omen/gazebo_maritime_ws'
[0.078s] Level 1:colcon.colcon_core.package_identification:_identify(.) by extensions ['ignore', 'ignore_ament_install']
[0.078s] Level 1:colcon.colcon_core.package_identification:_identify(.) by extension 'ignore'
[0.078s] Level 1:colcon.colcon_core.package_identification:_identify(.) by extension 'ignore_ament_install'
[0.078s] Level 1:colcon.colcon_core.package_identification:_identify(.) by extensions ['colcon_pkg']
[0.078s] Level 1:colcon.colcon_core.package_identification:_identify(.) by extension 'colcon_pkg'
[0.078s] Level 1:colcon.colcon_core.package_identification:_identify(.) by extensions ['colcon_meta']
[0.078s] Level 1:colcon.colcon_core.package_identification:_identify(.) by extension 'colcon_meta'
[0.078s] Level 1:colcon.colcon_core.package_identification:_identify(.) by extensions ['ros']
[0.078s] Level 1:colcon.colcon_core.package_identification:_identify(.) by extension 'ros'
[0.092s] Level 1:colcon.colcon_core.package_identification:_identify(.) by extensions ['cmake', 'python']
[0.092s] Level 1:colcon.colcon_core.package_identification:_identify(.) by extension 'cmake'
[0.092s] Level 1:colcon.colcon_core.package_identification:_identify(.) by extension 'python'
[0.092s] Level 1:colcon.colcon_core.package_identification:_identify(.) by extensions ['python_setup_py']
[0.092s] Level 1:colcon.colcon_core.package_identification:_identify(.) by extension 'python_setup_py'
[0.092s] Level 1:colcon.colcon_core.package_identification:_identify(build) by extensions ['ignore', 'ignore_ament_install']
[0.092s] Level 1:colcon.colcon_core.package_identification:_identify(build) by extension 'ignore'
[0.092s] Level 1:colcon.colcon_core.package_identification:_identify(build) ignored
[0.092s] Level 1:colcon.colcon_core.package_identification:_identify(install) by extensions ['ignore', 'ignore_ament_install']
[0.092s] Level 1:colcon.colcon_core.package_identification:_identify(install) by extension 'ignore'
[0.092s] Level 1:colcon.colcon_core.package_identification:_identify(install) ignored
[0.092s] Level 1:colcon.colcon_core.package_identification:_identify(log) by extensions ['ignore', 'ignore_ament_install']
[0.092s] Level 1:colcon.colcon_core.package_identification:_identify(log) by extension 'ignore'
[0.092s] Level 1:colcon.colcon_core.package_identification:_identify(log) ignored
[0.092s] Level 1:colcon.colcon_core.package_identification:_identify(src) by extensions ['ignore', 'ignore_ament_install']
[0.092s] Level 1:colcon.colcon_core.package_identification:_identify(src) by extension 'ignore'
[0.092s] Level 1:colcon.colcon_core.package_identification:_identify(src) by extension 'ignore_ament_install'
[0.092s] Level 1:colcon.colcon_core.package_identification:_identify(src) by extensions ['colcon_pkg']
[0.092s] Level 1:colcon.colcon_core.package_identification:_identify(src) by extension 'colcon_pkg'
[0.092s] Level 1:colcon.colcon_core.package_identification:_identify(src) by extensions ['colcon_meta']
[0.092s] Level 1:colcon.colcon_core.package_identification:_identify(src) by extension 'colcon_meta'
[0.092s] Level 1:colcon.colcon_core.package_identification:_identify(src) by extensions ['ros']
[0.093s] Level 1:colcon.colcon_core.package_identification:_identify(src) by extension 'ros'
[0.093s] Level 1:colcon.colcon_core.package_identification:_identify(src) by extensions ['cmake', 'python']
[0.093s] Level 1:colcon.colcon_core.package_identification:_identify(src) by extension 'cmake'
[0.093s] Level 1:colcon.colcon_core.package_identification:_identify(src) by extension 'python'
[0.093s] Level 1:colcon.colcon_core.package_identification:_identify(src) by extensions ['python_setup_py']
[0.093s] Level 1:colcon.colcon_core.package_identification:_identify(src) by extension 'python_setup_py'
[0.093s] Level 1:colcon.colcon_core.package_identification:_identify(src/gazebo_maritime) by extensions ['ignore', 'ignore_ament_install']
[0.093s] Level 1:colcon.colcon_core.package_identification:_identify(src/gazebo_maritime) by extension 'ignore'
[0.093s] Level 1:colcon.colcon_core.package_identification:_identify(src/gazebo_maritime) by extension 'ignore_ament_install'
[0.093s] Level 1:colcon.colcon_core.package_identification:_identify(src/gazebo_maritime) by extensions ['colcon_pkg']
[0.093s] Level 1:colcon.colcon_core.package_identification:_identify(src/gazebo_maritime) by extension 'colcon_pkg'
[0.093s] Level 1:colcon.colcon_core.package_identification:_identify(src/gazebo_maritime) by extensions ['colcon_meta']
[0.093s] Level 1:colcon.colcon_core.package_identification:_identify(src/gazebo_maritime) by extension 'colcon_meta'
[0.093s] Level 1:colcon.colcon_core.package_identification:_identify(src/gazebo_maritime) by extensions ['ros']
[0.093s] Level 1:colcon.colcon_core.package_identification:_identify(src/gazebo_maritime) by extension 'ros'
[0.093s] Level 1:colcon.colcon_core.package_identification:_identify(src/gazebo_maritime) by extensions ['cmake', 'python']
[0.093s] Level 1:colcon.colcon_core.package_identification:_identify(src/gazebo_maritime) by extension 'cmake'
[0.094s] Level 1:colcon.colcon_core.package_identification:_identify(src/gazebo_maritime) by extension 'python'
[0.094s] DEBUG:colcon.colcon_core.package_identification:Package 'src/gazebo_maritime' with type 'cmake' and name 'gazebo_maritime'
[0.094s] Level 1:colcon.colcon_core.package_discovery:discover_packages(recursive) using defaults
[0.094s] Level 1:colcon.colcon_core.package_discovery:discover_packages(ignore) discover
[0.094s] Level 1:colcon.colcon_core.package_discovery:discover_packages(ignore) using defaults
[0.094s] Level 1:colcon.colcon_core.package_discovery:discover_packages(path) discover
[0.094s] Level 1:colcon.colcon_core.package_discovery:discover_packages(path) using defaults
[0.104s] Level 1:colcon.colcon_core.package_discovery:discover_packages(prefix_path) check parameters
[0.104s] Level 1:colcon.colcon_core.package_discovery:discover_packages(prefix_path) discover
[0.105s] Level 1:colcon.colcon_core.package_discovery:discover_packages(prefix_path) using defaults
[0.105s] Level 5:colcon.colcon_core.verb:set package 'gazebo_maritime' build argument 'cmake_args' from command line to 'None'
[0.105s] Level 5:colcon.colcon_core.verb:set package 'gazebo_maritime' build argument 'cmake_target' from command line to 'None'
[0.105s] Level 5:colcon.colcon_core.verb:set package 'gazebo_maritime' build argument 'cmake_target_skip_unavailable' from command line to 'False'
[0.105s] Level 5:colcon.colcon_core.verb:set package 'gazebo_maritime' build argument 'cmake_clean_cache' from command line to 'False'
[0.105s] Level 5:colcon.colcon_core.verb:set package 'gazebo_maritime' build argument 'cmake_clean_first' from command line to 'False'
[0.105s] Level 5:colcon.colcon_core.verb:set package 'gazebo_maritime' build argument 'cmake_force_configure' from command line to 'False'
[0.105s] Level 5:colcon.colcon_core.verb:set package 'gazebo_maritime' build argument 'ament_cmake_args' from command line to 'None'
[0.105s] Level 5:colcon.colcon_core.verb:set package 'gazebo_maritime' build argument 'catkin_cmake_args' from command line to 'None'
[0.105s] Level 5:colcon.colcon_core.verb:set package 'gazebo_maritime' build argument 'catkin_skip_building_tests' from command line to 'False'
[0.105s] DEBUG:colcon.colcon_core.verb:Building package 'gazebo_maritime' with the following arguments: {'ament_cmake_args': None, 'build_base': '/home/omen/gazebo_maritime_ws/build/gazebo_maritime', 'catkin_cmake_args': None, 'catkin_skip_building_tests': False, 'cmake_args': None, 'cmake_clean_cache': False, 'cmake_clean_first': False, 'cmake_force_configure': False, 'cmake_target': None, 'cmake_target_skip_unavailable': False, 'install_base': '/home/omen/gazebo_maritime_ws/install', 'merge_install': True, 'path': '/home/omen/gazebo_maritime_ws/src/gazebo_maritime', 'symlink_install': False, 'test_result_base': None}
[0.105s] INFO:colcon.colcon_core.executor:Executing jobs using 'parallel' executor
[0.106s] DEBUG:colcon.colcon_parallel_executor.executor.parallel:run_until_complete
[0.107s] INFO:colcon.colcon_cmake.task.cmake.build:Building CMake package in '/home/omen/gazebo_maritime_ws/src/gazebo_maritime'
[0.108s] INFO:colcon.colcon_core.plugin_system:Skipping extension 'colcon_core.shell.bat': Not used on non-Windows systems
[0.108s] INFO:colcon.colcon_core.shell:Skip shell extension 'powershell' for command environment: Not usable outside of PowerShell
[0.108s] DEBUG:colcon.colcon_core.shell:Skip shell extension 'dsv' for command environment
[0.113s] DEBUG:colcon.colcon_core.event_handler.log_command:Invoking command in '/home/omen/gazebo_maritime_ws/build/gazebo_maritime': DEBUGINFOD_URLS=https://debuginfod.ubuntu.com /usr/bin/cmake --build /home/omen/gazebo_maritime_ws/build/gazebo_maritime -- -j16 -l16
[0.182s] DEBUG:colcon.colcon_core.event_handler.log_command:Invoked command in '/home/omen/gazebo_maritime_ws/build/gazebo_maritime' returned '0': DEBUGINFOD_URLS=https://debuginfod.ubuntu.com /usr/bin/cmake --build /home/omen/gazebo_maritime_ws/build/gazebo_maritime -- -j16 -l16
[0.188s] DEBUG:colcon.colcon_core.event_handler.log_command:Invoking command in '/home/omen/gazebo_maritime_ws/build/gazebo_maritime': DEBUGINFOD_URLS=https://debuginfod.ubuntu.com /usr/bin/cmake --install /home/omen/gazebo_maritime_ws/build/gazebo_maritime
[0.197s] Level 1:colcon.colcon_core.environment:create_environment_scripts_only(gazebo_maritime)
[0.197s] DEBUG:colcon.colcon_core.event_handler.log_command:Invoked command in '/home/omen/gazebo_maritime_ws/build/gazebo_maritime' returned '0': DEBUGINFOD_URLS=https://debuginfod.ubuntu.com /usr/bin/cmake --install /home/omen/gazebo_maritime_ws/build/gazebo_maritime
[0.199s] Level 1:colcon.colcon_core.environment:checking '/home/omen/gazebo_maritime_ws/install' for CMake module files
[0.199s] Level 1:colcon.colcon_core.environment:checking '/home/omen/gazebo_maritime_ws/install' for CMake config files
[0.200s] Level 1:colcon.colcon_core.environment:checking '/home/omen/gazebo_maritime_ws/install/lib'
[0.200s] Level 1:colcon.colcon_core.shell:create_environment_hook('gazebo_maritime', 'ld_library_path_lib')
[0.200s] INFO:colcon.colcon_core.shell:Creating environment hook '/home/omen/gazebo_maritime_ws/install/share/gazebo_maritime/hook/ld_library_path_lib.ps1'
[0.200s] INFO:colcon.colcon_core.shell:Creating environment descriptor '/home/omen/gazebo_maritime_ws/install/share/gazebo_maritime/hook/ld_library_path_lib.dsv'
[0.201s] INFO:colcon.colcon_core.shell:Creating environment hook '/home/omen/gazebo_maritime_ws/install/share/gazebo_maritime/hook/ld_library_path_lib.sh'
[0.201s] Level 1:colcon.colcon_core.environment:checking '/home/omen/gazebo_maritime_ws/install/bin'
[0.201s] Level 1:colcon.colcon_core.environment:checking '/home/omen/gazebo_maritime_ws/install/lib/pkgconfig/gazebo_maritime.pc'
[0.202s] Level 1:colcon.colcon_core.environment:checking '/home/omen/gazebo_maritime_ws/install/lib/python3.12/site-packages'
[0.202s] Level 1:colcon.colcon_core.environment:checking '/home/omen/gazebo_maritime_ws/install/bin'
[0.202s] INFO:colcon.colcon_core.shell:Creating package script '/home/omen/gazebo_maritime_ws/install/share/gazebo_maritime/package.ps1'
[0.203s] INFO:colcon.colcon_core.shell:Creating package descriptor '/home/omen/gazebo_maritime_ws/install/share/gazebo_maritime/package.dsv'
[0.203s] INFO:colcon.colcon_core.shell:Creating package script '/home/omen/gazebo_maritime_ws/install/share/gazebo_maritime/package.sh'
[0.204s] INFO:colcon.colcon_core.shell:Creating package script '/home/omen/gazebo_maritime_ws/install/share/gazebo_maritime/package.bash'
[0.204s] INFO:colcon.colcon_core.shell:Creating package script '/home/omen/gazebo_maritime_ws/install/share/gazebo_maritime/package.zsh'
[0.204s] Level 1:colcon.colcon_core.environment:create_file_with_runtime_dependencies(/home/omen/gazebo_maritime_ws/install/share/colcon-core/packages/gazebo_maritime)
[0.205s] DEBUG:colcon.colcon_parallel_executor.executor.parallel:closing loop
[0.205s] DEBUG:colcon.colcon_parallel_executor.executor.parallel:loop closed
[0.205s] DEBUG:colcon.colcon_parallel_executor.executor.parallel:run_until_complete finished with '0'
[0.205s] DEBUG:colcon.colcon_core.event_reactor:joining thread
[0.214s] INFO:colcon.colcon_core.plugin_system:Skipping extension 'colcon_notification.desktop_notification.terminal_notifier': Not used on non-Darwin systems
[0.214s] INFO:colcon.colcon_core.plugin_system:Skipping extension 'colcon_notification.desktop_notification.win32': Not used on non-Windows systems
[0.214s] INFO:colcon.colcon_notification.desktop_notification:Sending desktop notification using 'notify2'
[0.233s] DEBUG:colcon.colcon_core.event_reactor:joined thread
[0.233s] INFO:colcon.colcon_core.shell:Creating prefix script '/home/omen/gazebo_maritime_ws/install/local_setup.ps1'
[0.234s] INFO:colcon.colcon_core.shell:Creating prefix util module '/home/omen/gazebo_maritime_ws/install/_local_setup_util_ps1.py'
[0.234s] INFO:colcon.colcon_core.shell:Creating prefix chain script '/home/omen/gazebo_maritime_ws/install/setup.ps1'
[0.235s] INFO:colcon.colcon_core.shell:Creating prefix script '/home/omen/gazebo_maritime_ws/install/local_setup.sh'
[0.235s] INFO:colcon.colcon_core.shell:Creating prefix util module '/home/omen/gazebo_maritime_ws/install/_local_setup_util_sh.py'
[0.236s] INFO:colcon.colcon_core.shell:Creating prefix chain script '/home/omen/gazebo_maritime_ws/install/setup.sh'
[0.236s] INFO:colcon.colcon_core.shell:Creating prefix script '/home/omen/gazebo_maritime_ws/install/local_setup.bash'
[0.236s] INFO:colcon.colcon_core.shell:Creating prefix chain script '/home/omen/gazebo_maritime_ws/install/setup.bash'
[0.237s] INFO:colcon.colcon_core.shell:Creating prefix script '/home/omen/gazebo_maritime_ws/install/local_setup.zsh'
[0.237s] INFO:colcon.colcon_core.shell:Creating prefix chain script '/home/omen/gazebo_maritime_ws/install/setup.zsh'
